#
# There is insufficient memory for the Java Runtime Environment to continue.
# Native memory allocation (mmap) failed to map 536870912 bytes. Error detail: G1 virtual space
# Possible reasons:
#   The system is out of physical RAM or swap space
#   This process is running with CompressedOops enabled, and the Java Heap may be blocking the growth of the native heap
# Possible solutions:
#   Reduce memory load on the system
#   Increase physical memory or swap space
#   Check if swap backing store is full
#   Decrease Java heap size (-Xmx/-Xms)
#   Decrease number of Java threads
#   Decrease Java thread stack sizes (-Xss)
#   Set larger code cache with -XX:ReservedCodeCacheSize=
#   JVM is running with Unscaled Compressed Oops mode in which the Java heap is
#     placed in the first 4GB address space. The Java Heap base address is the
#     maximum limit for the native heap growth. Please use -XX:HeapBaseMinAddress
#     to set the Java Heap base and to place the Java Heap above 4GB virtual address.
# This output file may be truncated or incomplete.
#
#  Out of Memory Error (os_windows.cpp:3926), pid=24632, tid=20812
#
# JRE version:  (21.0.10) (build )
# Java VM: OpenJDK 64-Bit Server VM (21.0.10+-14961533-b1163.108, mixed mode, sharing, tiered, compressed oops, compressed class ptrs, g1 gc, windows-amd64)
# No core dump will be written. Minidumps are not enabled by default on client versions of Windows
#

---------------  S U M M A R Y ------------

Command Line: -Xmx1024M -Xss1m E:\Android\SDK\build-tools\37.0.0\lib\apksigner.jar verify --print-certs E:\AndroidStudioProjects\COUI16\example\android\build\outputs\apk\release\COUI-v1.0.9(1080)-release.apk

Host: Intel(R) Core(TM) i5-10400F CPU @ 2.90GHz, 12 cores, 31G,  Windows 11 , 64 bit Build 26100 (10.0.26100.8875)
Time: Sun Jul 26 21:33:58 2026 elapsed time: 2.078986 seconds (0d 0h 0m 2s)

---------------  T H R E A D  ---------------

Current thread (0x000002afd83171f0):  JavaThread "Unknown thread" [_thread_in_vm, id=20812, stack(0x000000ebab400000,0x000000ebab500000) (1024K)]

Stack: [0x000000ebab400000,0x000000ebab500000]
Native frames: (J=compiled Java code, j=interpreted, Vv=VM code, C=native code)
V  [jvm.dll+0x6d78a9]
V  [jvm.dll+0x8665b3]
V  [jvm.dll+0x868bde]
V  [jvm.dll+0x8692c3]
V  [jvm.dll+0x280ee6]
V  [jvm.dll+0x6d4165]
V  [jvm.dll+0x6c77fa]
V  [jvm.dll+0x358f4b]
V  [jvm.dll+0x360bc6]
V  [jvm.dll+0x3b2ea6]
V  [jvm.dll+0x3b3178]
V  [jvm.dll+0x32b65c]
V  [jvm.dll+0x32c34b]
V  [jvm.dll+0x82f449]
V  [jvm.dll+0x3c0078]
V  [jvm.dll+0x8185e8]
V  [jvm.dll+0x45449e]
V  [jvm.dll+0x455c01]
C  [jli.dll+0x52ab]
C  [ucrtbase.dll+0x2cd30]
C  [KERNEL32.DLL+0x2e957]
C  [ntdll.dll+0xaad6c]


---------------  P R O C E S S  ---------------

Threads class SMR info:
_java_thread_list=0x00007ffd6432b9c8, length=0, elements={
}

Java Threads: ( => current thread )
Total: 0

Other Threads:
  0x000002afda6b34a0 WorkerThread "GC Thread#0"                     [id=11152, stack(0x000000ebab500000,0x000000ebab600000) (1024K)]
  0x000002afda6bc490 ConcurrentGCThread "G1 Main Marker"            [id=31908, stack(0x000000ebab600000,0x000000ebab700000) (1024K)]
  0x000002afda6bdde0 WorkerThread "G1 Conc#0"                       [id=23168, stack(0x000000ebab700000,0x000000ebab800000) (1024K)]

[error occurred during error reporting (printing all threads), id 0xc0000005, EXCEPTION_ACCESS_VIOLATION (0xc0000005) at pc=0x00007ffd63b1e637]
VM state: not at safepoint (not fully initialized)

VM Mutex/Monitor currently owned by a thread:  ([mutex/lock_event])
[0x00007ffd643987d0] Heap_lock - owner thread: 0x000002afd83171f0

Heap address: 0x00000000c0000000, size: 1024 MB, Compressed Oops mode: 32-bit

CDS archive(s) mapped at: [0x0000000000000000-0x0000000000000000-0x0000000000000000), size 0, SharedBaseAddress: 0x0000000800000000, ArchiveRelocationMode: 1.
Narrow klass base: 0x0000000000000000, Narrow klass shift: 0, Narrow klass range: 0x0

GC Precious Log:
 CardTable entry size: 512
 Card Set container configuration: InlinePtr #cards 5 size 8 Array Of Cards #cards 12 size 40 Howl #buckets 4 coarsen threshold 1843 Howl Bitmap #cards 512 size 80 coarsen threshold 460 Card regions per heap region 1 cards per card region 2048

Heap:
 garbage-first heap   total 0K, used 0K [0x00000000c0000000, 0x0000000100000000)
  region size 1024K, 0 young (0K), 0 survivors (0K)
 Metaspace       used 0K, committed 0K, reserved 0K
  class space    used 0K, committed 0K, reserved 0K

Heap Regions: E=young(eden), S=young(survivor), O=old, HS=humongous(starts), HC=humongous(continues), CS=collection set, F=free, TAMS=top-at-mark-start, PB=parsable bottom

Card table byte_map: [0x000002afecf40000,0x000002afed140000] _byte_map_base: 0x000002afec940000

Marking Bits: (CMBitMap*) 0x000002afda6b3bb0
 Bits: [0x000002afed140000, 0x000002afee140000)

GC Heap History (0 events):
No events

Dll operation events (1 events):
Event: 0.007 Loaded shared library D:\JBIDE\Android Studio\jbr\bin\java.dll

Deoptimization events (0 events):
No events

Classes loaded (0 events):
No events

Classes unloaded (0 events):
No events

Classes redefined (0 events):
No events

Internal exceptions (0 events):
No events

ZGC Phase Switch (0 events):
No events

VM Operations (0 events):
No events

Memory protections (0 events):
No events

Nmethod flushes (0 events):
No events

Events (0 events):
No events


Dynamic libraries:
0x00007ff6a2320000 - 0x00007ff6a232a000 	D:\JBIDE\Android Studio\jbr\bin\java.exe
0x00007ffdf2e40000 - 0x00007ffdf30a6000 	C:\Windows\SYSTEM32\ntdll.dll
0x00007ffdf1490000 - 0x00007ffdf1559000 	C:\Windows\System32\KERNEL32.DLL
0x00007ffdf0060000 - 0x00007ffdf045e000 	C:\Windows\System32\KERNELBASE.dll
0x00007ffdf0930000 - 0x00007ffdf0a7c000 	C:\Windows\System32\ucrtbase.dll
0x00007ffdd5680000 - 0x00007ffdd5698000 	D:\JBIDE\Android Studio\jbr\bin\jli.dll
0x00007ffdd5660000 - 0x00007ffdd567b000 	D:\JBIDE\Android Studio\jbr\bin\VCRUNTIME140.dll
0x00007ffdf2180000 - 0x00007ffdf2347000 	C:\Windows\System32\USER32.dll
0x00007ffdf0b40000 - 0x00007ffdf0b67000 	C:\Windows\System32\win32u.dll
0x00007ffdf0d40000 - 0x00007ffdf0d6b000 	C:\Windows\System32\GDI32.dll
0x00007ffdc40a0000 - 0x00007ffdc4332000 	C:\Windows\WinSxS\amd64_microsoft.windows.common-controls_6595b64144ccf1df_6.0.26100.8875_none_3e0d5d42e32fe9dd\COMCTL32.dll
0x00007ffdf05c0000 - 0x00007ffdf06ea000 	C:\Windows\System32\gdi32full.dll
0x00007ffdf0b70000 - 0x00007ffdf0c19000 	C:\Windows\System32\msvcrt.dll
0x00007ffdf0a90000 - 0x00007ffdf0b33000 	C:\Windows\System32\msvcp_win.dll
0x00007ffdf1ed0000 - 0x00007ffdf1f02000 	C:\Windows\System32\IMM32.DLL
0x00007ffddfb00000 - 0x00007ffddfb0c000 	D:\JBIDE\Android Studio\jbr\bin\vcruntime140_1.dll
0x00007ffdce340000 - 0x00007ffdce3cd000 	D:\JBIDE\Android Studio\jbr\bin\msvcp140.dll
0x00007ffd637e0000 - 0x00007ffd64476000 	D:\JBIDE\Android Studio\jbr\bin\server\jvm.dll
0x00007ffdf23c0000 - 0x00007ffdf2477000 	C:\Windows\System32\ADVAPI32.dll
0x00007ffdf1f10000 - 0x00007ffdf1fba000 	C:\Windows\System32\sechost.dll
0x00007ffdf1820000 - 0x00007ffdf1938000 	C:\Windows\System32\RPCRT4.dll
0x00007ffdf1e40000 - 0x00007ffdf1ec0000 	C:\Windows\System32\WS2_32.dll
0x00007ffde91e0000 - 0x00007ffde91eb000 	C:\Windows\SYSTEM32\VERSION.dll
0x00007ffdefd00000 - 0x00007ffdefd5e000 	C:\Windows\SYSTEM32\POWRPROF.dll
0x00007ffddf540000 - 0x00007ffddf576000 	C:\Windows\SYSTEM32\WINMM.dll
0x00007ffdefce0000 - 0x00007ffdefcf4000 	C:\Windows\SYSTEM32\UMPDC.dll
0x00007ffdeed00000 - 0x00007ffdeed1b000 	C:\Windows\SYSTEM32\kernel.appcore.dll
0x00007ffdddea0000 - 0x00007ffdddeaa000 	D:\JBIDE\Android Studio\jbr\bin\jimage.dll
0x00007ffded480000 - 0x00007ffded6c2000 	C:\Windows\SYSTEM32\DBGHELP.DLL
0x00007ffdf0df0000 - 0x00007ffdf1173000 	C:\Windows\System32\combase.dll
0x00007ffdf0c60000 - 0x00007ffdf0d39000 	C:\Windows\System32\OLEAUT32.dll
0x00007ffdcdc30000 - 0x00007ffdcdc6b000 	C:\Windows\SYSTEM32\dbgcore.DLL
0x00007ffdf0470000 - 0x00007ffdf051c000 	C:\Windows\System32\bcryptPrimitives.dll
0x00007ffdd5640000 - 0x00007ffdd5660000 	D:\JBIDE\Android Studio\jbr\bin\java.dll

JVMTI agents: none

dbghelp: loaded successfully - version: 4.0.5 - missing functions: none
symbol engine: initialized successfully - sym options: 0x614 - pdb path: .;D:\JBIDE\Android Studio\jbr\bin;C:\Windows\SYSTEM32;C:\Windows\WinSxS\amd64_microsoft.windows.common-controls_6595b64144ccf1df_6.0.26100.8875_none_3e0d5d42e32fe9dd;D:\JBIDE\Android Studio\jbr\bin\server

VM Arguments:
jvm_args: -Xmx1024M -Xss1m 
java_command: E:\Android\SDK\build-tools\37.0.0\lib\apksigner.jar verify --print-certs E:\AndroidStudioProjects\COUI16\example\android\build\outputs\apk\release\COUI-v1.0.9(1080)-release.apk
java_class_path (initial): E:\Android\SDK\build-tools\37.0.0\lib\apksigner.jar
Launcher Type: SUN_STANDARD

[Global flags]
     intx CICompilerCount                          = 4                                         {product} {ergonomic}
     uint ConcGCThreads                            = 3                                         {product} {ergonomic}
     uint G1ConcRefinementThreads                  = 10                                        {product} {ergonomic}
   size_t G1HeapRegionSize                         = 1048576                                   {product} {ergonomic}
    uintx GCDrainStackTargetSize                   = 64                                        {product} {ergonomic}
   size_t InitialHeapSize                          = 536870912                                 {product} {ergonomic}
   size_t MarkStackSize                            = 4194304                                   {product} {ergonomic}
   size_t MaxHeapSize                              = 1073741824                                {product} {command line}
   size_t MinHeapDeltaBytes                        = 1048576                                   {product} {ergonomic}
   size_t MinHeapSize                              = 8388608                                   {product} {ergonomic}
    uintx NonNMethodCodeHeapSize                   = 5839372                                {pd product} {ergonomic}
    uintx NonProfiledCodeHeapSize                  = 122909434                              {pd product} {ergonomic}
    uintx ProfiledCodeHeapSize                     = 122909434                              {pd product} {ergonomic}
    uintx ReservedCodeCacheSize                    = 251658240                              {pd product} {ergonomic}
     bool SegmentedCodeCache                       = true                                      {product} {ergonomic}
   size_t SoftMaxHeapSize                          = 1073741824                             {manageable} {ergonomic}
     intx ThreadStackSize                          = 1024                                   {pd product} {command line}
     bool UseCompressedOops                        = true                           {product lp64_product} {ergonomic}
     bool UseG1GC                                  = true                                      {product} {ergonomic}
     bool UseLargePagesIndividualAllocation        = false                                  {pd product} {ergonomic}

Logging:
Log output configuration:
 #0: stdout all=warning uptime,level,tags foldmultilines=false
 #1: stderr all=off uptime,level,tags foldmultilines=false

Release file:
<release file has not been read>
Environment Variables:
JAVA_HOME=D:\JBIDE\Android Studio\jbr
PATH=C:\Program Files\WindowsApps\Microsoft.PowerShell_7.6.4.0_x64__8wekyb3d8bbwe;C:\Windows\system32;C:\Windows;C:\Windows\System32\Wbem;C:\Windows\System32\WindowsPowerShell\v1.0\;C:\Windows\System32\OpenSSH\;D:\nodejs\;D:\Git\cmd;D:\Go\bin;C:\Program Files\GitHub CLI\;C:\Program Files\dotnet\;C:\Program Files (x86)\dotnet\;C:\Program Files (x86)\NVIDIA Corporation\PhysX\Common;C:\Program Files\NVIDIA Corporation\NVIDIA App\NvDLISR;C:\Users\ak004\.cargo\bin;C:\Users\ak004\AppData\Local\Microsoft\WindowsApps;C:\Users\ak004\AppData\Roaming\npm;C:\WINDOWS\System32\Wbem;E:\jetbra\scripts\jetbra\vmoptions\appcode.vmoptions;E:\ja-netfilter\vmoptions\aqua.vmoptions;E:\ja-netfilter\vmoptions\clion.vmoptions;E:\ja-netfilter\vmoptions\datagrip.vmoptions;E:\ja-netfilter\vmoptions\dataspell.vmoptions;E:\ja-netfilter\vmoptions\devecostudio.vmoptions;E:\ja-netfilter\vmoptions\gateway.vmoptions;E:\ja-netfilter\vmoptions\goland.vmoptions;E:\ja-netfilter\vmoptions\idea.vmoptions;E:\ja-netfilter\vmoptions\jetbrains_client.vmoptions;E:\ja-netfilter\vmoptions\jetbrainsclient.vmoptions;E:\ja-netfilter\vmoptions\phpstorm.vmoptions;E:\ja-netfilter\vmoptions\pycharm.vmoptions;E:\ja-netfilter\vmoptions\rider.vmoptions;E:\ja-netfilter\vmoptions\rubymine.vmoptions;E:\ja-netfilter\vmoptions\rustrover.vmoptions;E:\ja-netfilter\vmoptions\studio.vmoptions;E:\ja-netfilter\vmoptions\webide.vmoptions;E:\ja-netfilter\vmoptions\webstorm.vmoptions;C:\Users\ak004\go\bin;D:\Go\bin;C:\Users\ak004\AppData\Local\JetBrains\Toolbox\scripts;E:\Java\17\bin;E:\Android\SDK;E:\adb\tools;E:\ApkTool;C:\Users\ak004\AppData\Local\Python\bin
USERNAME=ak004
OS=Windows_NT
PROCESSOR_IDENTIFIER=Intel64 Family 6 Model 165 Stepping 3, GenuineIntel
TMP=C:\Users\ak004\AppData\Local\Temp
TEMP=C:\Users\ak004\AppData\Local\Temp




Periodic native trim disabled

JNI global refs:
JNI global refs: 0, weak refs: 0

JNI global refs memory usage: 0, weak refs: 0

Process memory usage:
Resident Set Size: 13212K (0% of 33469504K total physical memory with 6341356K free physical memory)

OOME stack traces (most recent first):
Classloader memory used:

---------------  S Y S T E M  ---------------

OS:
 Windows 11 , 64 bit Build 26100 (10.0.26100.8875)
OS uptime: 0 days 10:44 hours
Hyper-V role detected

CPU: total 12 (initial active 12) (6 cores per cpu, 2 threads per core) family 6 model 165 stepping 3 microcode 0x100, cx8, cmov, fxsr, ht, mmx, 3dnowpref, sse, sse2, sse3, ssse3, sse4.1, sse4.2, popcnt, lzcnt, tsc, tscinvbit, avx, avx2, aes, erms, clmul, bmi1, bmi2, adx, fma, vzeroupper, clflush, clflushopt, hv, rdtscp, f16c
Processor Information for the first 12 processors :
  Max Mhz: 2904, Current Mhz: 2904, Mhz Limit: 2904

Memory: 4k page, system-wide physical 32685M (6192M free)
TotalPageFile size 34733M (AvailPageFile size 449M)
current process WorkingSet (physical memory assigned to process): 12M, peak: 12M
current process commit charge ("private bytes"): 64M, peak: 576M

vm_info: OpenJDK 64-Bit Server VM (21.0.10+-14961533-b1163.108) for windows-amd64 JRE (21.0.10+-14961533-b1163.108), built on 2026-03-02T19:58:50Z by "builder" with MS VC++ 16.10 / 16.11 (VS2019)

END.
